[INFO] Validating market_data dependencies...

================================================================================
MARKET DATA DEPENDENCY VALIDATION REPORT
================================================================================

[PASS] PASSED: 15 checks
   [OK] Python Version: Python 3.13.5 is compatible
   [OK] Module: fastapi: FastAPI web framework available
   [OK] Module: uvicorn: ASGI server available
   [OK] Module: redis: Redis client available
   [OK] Module: pydantic: Data validation available
   [OK] Module: kiteconnect: Zerodha API client available
   [OK] Module: pandas: Data analysis available
   [OK] Module: numpy: Numerical computing available
   [OK] Config: .env: Market data environment configuration found
   [OK] Config: schemas.py: Provider schema definitions found
   [OK] Provider Factory: Provider MockProvider initialized successfully
   [OK] Provider Quote API: Provider supports quote API
   [OK] Technical Indicators: Technical indicators service initialized successfully
   [OK] Options Chain: Options chain adapter initialized
   [OK] Data Store: Market data store initialized successfully

[ERROR] ERRORS: 1 checks
   [FAIL] Redis Connection: Redis connection failed: Timeout connecting to server

[CRITICAL] ERRORS: 1 - Cannot start market_data
================================================================================
[ERROR] Dependency validation failed. Use --skip-validation to bypass (not recommended)
[INFO] Run with --diagnostics for detailed troubleshooting information
